<?xml version="1.0" encoding="UTF-8"?>
<monster name="Brave Arcanine" nameDescription="a Brave arcanine" race="fire" experience="752" speed="357" manacost="0">
  <health now="160" max="160"/>
  <look type="3268" head="100" body="300" legs="95" feet="113" corpse="22082"/>
  <targetchange interval="1000" chance="0"/>
  <strategy attack="100" defense="0"/>
<flags>
 <flag summonable="1"/>
 <flag attackable="1"/>
 <flag hostile="1"/>
 <flag illusionable="1"/>
 <flag convinceable="1"/>
 <flag pushable="1"/>
 <flag canpushitems="0"/>
 <flag canpushcreatures="0"/>
 <flag targetdistance="1"/>
 <flag staticattack="97"/>
 <flag runonhealth="0"/>

</flags>

<attacks>
        <attack name="melee" interval="2000" chance="100" range="1" min="-50" max="-100"/>
        <attack name="Fire Fang" interval="2523" chance="30" range="2"/>
        <attack name="Agility" interval="2523" chance="20" range="6"/>
        <attack name="Crunch" interval="2523" chance="30" range="2"/>
        <attack name="Flare Blitz" interval="2523" chance="15" range="6"/>
        <attack name="Flame Wheel" interval="2523" chance="25" range="2"/>
		<attack name="ExtremeSpeed" interval="3093" chance="20" range="6"/>
</attacks>


<defenses armor="0" defense="0">
</defenses>

 <voices interval="5000" chance="10">
 <voice sentence="ARCANINE!"/>
 </voices>

  <loot>
        <item id="11447" chance="500" countmax="1"/> --fire stone
		        <item id="2151" chance="150" count="1" countmax="1"/>
  </loot>

<script>
<event name="Spawn"/>
</script>
</monster>