<?xml version="1.0" encoding="UTF-8"?>
<monster name="Golem" nameDescription="a golem" race="ground" experience="650" speed="227" manacost="0">
    <health now="190" max="190"/>
    <look type="4095" head="65" body="85" legs="95" feet="113" corpse="11885"/>
    <targetchange interval="2000" chance="0"/>
    <strategy attack="100" defense="0"/>
    <flags>
        <flag summonable="1"/>
        <flag attackable="1"/>
        <flag hostile="1"/>
        <flag illusionable="1"/>
        <flag convinceable="1"/>
        <flag pushable="1"/>
        <flag canpushitems="0"/>
        <flag canpushcreatures="0"/>
        <flag targetdistance="1"/>
        <flag staticattack="97"/>
        <flag runonhealth="0"/>
        
    </flags>
    <attacks>
        <attack name="melee" interval="2000" chance="100" range="1" min="-50" max="-100"/>
        <attack name="Tackle" interval="2664" chance="30" range="1"/>
        <attack name="Rollout" interval="2805" chance="15" range="6"/>
        <attack name="Magnitude" interval="2899" chance="15" range="4"/>
        <attack name="Rock Throw" interval="5625" chance="30" range="2"/>
        <attack name="Rock Blast" interval="5946" chance="30" range="4"/>
        <attack name="Self-Destruct" interval="4040" chance="5" range="6"/>
        <attack name="Earthquake" interval="4040" chance="10" range="6"/>
        <attack name="Stone Edge" interval="4040" chance="15" range="5"/>
        <attack name="Sandstorm" interval="4140" chance="25" range="3"/>		
    </attacks>
    <defenses armor="0" defense="0"/>
    <voices interval="5000" chance="10">
        <voice sentence="GOLEM!"/>
    </voices>
    <loot>
        <item id="12337" chance="10000" countmax="80"/>
        <item id="12196" chance="5000" countmax="1"/> --stone orb
        <item id="11451" chance="150" countmax="1"/>
        <item id="11445" chance="150" count="1" countmax="1"/>
        <item id="12338" chance="10" count="1"/> --bag box --bag box
        <item id="13867" chance="4000" count="1" countmax="1"/> --strange rock
    </loot>
    <script>
        <event name="Spawn"/>
    </script>
</monster>
