<?xml version="1.0" encoding="UTF-8"?>
<monster name="Exonered Scizor" nameDescription="a exonered scizor" race="steel" experience="1100" speed="277" manacost="0">
    <health now="170" max="170"/>
  <look type="3758" head="80" body="92" legs="95" feet="113" corpse="22085"/>
	<targetchange interval="2000" chance="0"/>
<strategy attack="100" defense="0"/>
  <flags>
    <flag summonable="1"/>
    <flag attackable="1"/>
    <flag hostile="1"/>
    <flag illusionable="1"/>
    <flag convinceable="1"/>
    <flag pushable="1"/>
    <flag canpushitems="1"/>
    <flag canpushcreatures="0"/>
    <flag targetdistance="1"/>
    <flag staticattack="90"/>
    <flag runonhealth="0"/>
   
</flags>
  <attacks>
        <attack name="melee" interval="2000" chance="100" range="1" min="-50" max="-100"/>
        <attack name="Slash" interval="2852" chance="29" range="2"/>
        <attack name="Razor Wind" interval="3322" chance="25" range="4"/>
        <attack name="X-Scissor" interval="3698" chance="24" range="3"/>
        <attack name="Steel Wing" interval="3698" chance="24" range="3"/>
        <attack name="Night Slash" interval="3698" chance="20" range="3"/>
        <attack name="Bug Buzz" interval="3698" chance="20" range="3"/>
        <attack name="Iron Head" interval="5100" chance="22" range="4"/>
	    <attack name="Swords Dance" interval="5100" chance="20" range="3"/>	
    </attacks>
   <defenses armor="0" defense="0">
  </defenses>
  <voices interval="5000" chance="10">
	<voice sentence="SCIII!"/>
<voice sentence="ZOOOR!"/>
<voice sentence="SCIZOR!"/>
  </voices>
  <loot>
        <item id="12171" chance="2000" count="10" countmax="1"/> --pot of moss bug
        <item id="12183" chance="4000" count="1" countmax="1"/> --some mushroom
        <item id="11448" chance="1500" count="1" countmax="1"/> --coccon stone
		<item id="13783" chance="10000" countmax="80"/> --bug gosme
        <item id="12250" chance="2000" count="1" countmax="1"/> --steel ore
        <item id="12232" chance="350" count="1" countmax="1"/> --metal coat
        <item id="12338" chance="100" count="1"/> --bag box --bag box
        <item id="13869" chance="4000" count="1" countmax="1"/> --scizor claw
    </loot>
    <script>
        <event name="Spawn"/>
    </script>
</monster>
