<?xml version="1.0" encoding="UTF-8"?>
<monster name="Supreme Magmar" nameDescription="a magmar" race="fire" experience="1100" speed="217" manacost="0">
    <health now="160" max="160"/>
    <look type="3208" head="55" body="80" legs="95" feet="113" corpse="11912"/>
    <targetchange interval="2000" chance="0"/>
    <strategy attack="100" defense="0"/>
    <flags>
        <flag summonable="1"/>
        <flag attackable="1"/>
        <flag hostile="1"/>
        <flag illusionable="1"/>
        <flag convinceable="1"/>
        <flag pushable="1"/>
        <flag canpushitems="0"/>
        <flag canpushcreatures="0"/>
        <flag targetdistance="1"/>
        <flag staticattack="97"/>
        <flag runonhealth="0"/>
       
    </flags>
    <attacks>
        <attack name="melee" interval="2000" chance="100" range="1" min="-50" max="-100"/>
        <attack name="Ember" interval="2758" chance="30" range="1"/>
        <attack name="SmokeScreen" interval="2758" chance="15" range="4"/>
        <attack name="Fire Spin" interval="2758" chance="30" range="3"/>
        <attack name="Fire Punch" interval="2946" chance="25" range="1"/>
        <attack name="Lava Plume" interval="2758" chance="20" range="6"/>
    </attacks>
    <defenses armor="0" defense="0">
	</defenses>
    <voices interval="5000" chance="10">
        <voice sentence="MAGMAR!"/>
    </voices>
    <loot>
        <item id="11447" chance="150" countmax="1"/> --fire stone
        <item id="12271" chance="3500" countmax="1"/> --magma box
        <item id="12342" chance="500" countmax="1"/> --pot with fire
        <item id="12152" chance="3500" countmax="1"/> --pot of lava
        <item id="12157" chance="3500" countmax="1"/> --nail
        <item id="12162" chance="10000" countmax="80"/> --essence of fire
        <item id="12244" chance="70" count="1" countmax="1"/>
        <item id="12338" chance="10" count="1"/> --bag box --bag box
        <item id="13873" chance="4000" count="1" countmax="1"/> --magmar foot
    </loot>
    <script>
        <event name="Spawn"/>
    </script>
</monster>
