<?xml version="1.0" encoding="UTF-8"?>
<monster name="Furious Dragonite" nameDescription="a dragonite" race="dragon" experience="1200" speed="207" manacost="0">
    <health now="270" max="270"/>
    <look type="3330" head="90" body="100" legs="95" feet="113" corpse="11865"/>
    <targetchange interval="2000" chance="0"/>
    <strategy attack="100" defense="0"/>
    <flags>
        <flag summonable="1"/>
        <flag attackable="1"/>
        <flag hostile="1"/>
        <flag illusionable="1"/>
        <flag convinceable="1"/>
        <flag pushable="1"/>
        <flag canpushitems="0"/>
        <flag canpushcreatures="0"/>
        <flag targetdistance="1"/>
        <flag staticattack="97"/>
        <flag runonhealth="0"/>
        
    </flags>
    <attacks>
        <attack name="melee" interval="2000" chance="100" range="1" min="-50" max="-100"/>
        <attack name="Wing Attack" interval="2899" chance="15" range="6"/>
        <attack name="Roost" interval="3899" chance="5" range="6"/>
        <attack name="Thunder Wave" interval="2899" chance="15" range="3"/>
        <attack name="Twister" interval="3040" chance="30" range="3"/>
        <attack name="Agility" interval="2899" chance="15" range="6"/>
        <attack name="Dragon Tail" interval="2993" chance="20" range="1"/>
        <attack name="Hyper Beam" interval="2899" chance="15" range="3"/>
        <attack name="Hurricane" interval="2899" chance="15" range="6"/>
		<attack name="Dragon Pulse" interval="2705" chance="20" range="3"/>
        <attack name="Dragon Breath" interval="2852" chance="20" range="3"/>
		<attack name="Draco Meteor" interval="2805" chance="10" range="6"/>
    </attacks>
     <defenses armor="0" defense="0">
	</defenses>
    <voices interval="5000" chance="10">
        <voice sentence="DRAGONITE!"/>
    </voices>
    <loot>
        <item id="11449" chance="150" count="1" countmax="1"/>
        <item id="12159" chance="3000" count="1" countmax="1"/>
        <item id="12275" chance="3000" count="1" countmax="1"/>
        <item id="12244" chance="70" count="1" countmax="1"/>
        <item id="12338" chance="10" count="1"/> --bag box --bag box
		<item id="11454" chance="600" count="1"/>
    </loot>
    <script>
        <event name="Spawn"/>
    </script>
</monster>
