<?xml version="1.0" encoding="UTF-8"?>
<monster name="Mage Exeggutor" nameDescription="a exeggutor" race="grass" experience="1000" speed="227" manacost="0">
    <health now="110" max="110"/>
    <look type="3366" head="45" body="65" legs="95" feet="113" corpse="11874"/>
    <targetchange interval="2000" chance="0"/>
    <strategy attack="100" defense="0"/>
    <flags>
        <flag summonable="1"/>
        <flag attackable="1"/>
        <flag hostile="1"/>
        <flag illusionable="1"/>
        <flag convinceable="1"/>
        <flag pushable="1"/>
        <flag canpushitems="0"/>
        <flag canpushcreatures="0"/>
        <flag targetdistance="1"/>
        <flag staticattack="97"/>
        <flag runonhealth="0"/>
       
    </flags>
    <attacks>
        <attack name="melee" interval="2000" chance="100" range="1" min="-50" max="-100"/>
        <attack name="Hypnosis" interval="5202" chance="10" range="3"/>
        <attack name="Reflect" interval="2946" chance="10" range="5"/>
		<attack name="Psyshock" interval="4916" chance="20" range="3"/>
        <attack name="Confusion" interval="2852" chance="30" range="6"/>
		<attack name="Egg Bomb" interval="4416" chance="23" range="3"/>
        <attack name="Solar Beam" interval="2946" chance="15" range="4"/>
        <attack name="Seed Bomb" interval="2993" chance="20" range="6"/>
		<attack name="Leaf Storm" interval="5416" chance="10" range="6"/>
    </attacks>
    <defenses armor="0" defense="0"/>
    <voices interval="5000" chance="10">
        <voice sentence="EXEGGUTOR!"/>
    </voices>
    <loot>
        <item id="12163" chance="10000" countmax="80"/> --seed
        <item id="12155" chance="5000" count="1" countmax="1"/> --pair of leaves
        <item id="12153" chance="1000" count="1" countmax="1"/>
		        <item id="13785" chance="10000" countmax="80"/> --enchanted gem
        <item id="11441" chance="150" countmax="1"/>
        <item id="11452" chance="150" countmax="1"/>
        <item id="12338" chance="10" count="1"/> --bag box --bag box
    </loot>
    <script>
        <event name="Spawn"/>
    </script>
</monster>
