<?xml version="1.0" encoding="UTF-8"?>
<monster name="Raichu" nameDescription="a raichu" race="electric" experience="1100" speed="252" manacost="0">
    <health now="90" max="90"/>
    <look type="3337" head="65" body="80" legs="95" feet="113" corpse="11950"/>
    <targetchange interval="2000" chance="0"/>
    <strategy attack="100" defense="0"/>
    <flags>
        <flag summonable="1"/>
        <flag attackable="1"/>
        <flag hostile="1"/>
        <flag illusionable="1"/>
        <flag convinceable="1"/>
        <flag pushable="1"/>
        <flag canpushitems="0"/>
        <flag canpushcreatures="0"/>
        <flag targetdistance="1"/>
        <flag staticattack="97"/>
        <flag runonhealth="0"/>
       
    </flags>
    <attacks>
        <attack name="melee" interval="2000" chance="100" range="1" min="-50" max="-100"/>
        <attack name="Thunder Shock" interval="2805" chance="30" range="2"/>
		<attack name="Charm" interval="2570" chance="20" range="2"/>
		<attack name="Thunder Wave" interval="2946" chance="20" range="3"/>
        <attack name="Charge" interval="5202" chance="15" range="2"/>
        <attack name="Double Slap" interval="2946" chance="16" range="3"/>
		<attack name="Quick Attack" interval="2570" chance="30" range="1"/>
        <attack name="Spark" interval="5202" chance="20" range="2"/>
        <attack name="Discharge" interval="2946" chance="15" range="6"/>
		<attack name="Thunderbolt" interval="3993" chance="18" range="2"/>
        <attack name="Thunder" interval="3134" chance="15" range="6"/>
    </attacks>
    <defenses armor="0" defense="0">
	</defenses>
    <voices interval="5000" chance="10">
        <voice sentence="RAICHU!"/>
    </voices>
    <loot>
        <item id="12164" chance="10000" countmax="80"/> --screw
        <item id="12176" chance="4000" countmax="1"/> --electric box
        <item id="12198" chance="3500" count="1" countmax="1"/>
        <item id="11444" chance="150" count="1" countmax="1"/>
        <item id="12285" chance="3500" count="1" countmax="1"/>
        <item id="12338" chance="10" count="1"/> --bag box --bag box
    </loot>
    <script>
        <event name="Spawn"/>
    </script>
</monster>
