<?xml version="1.0" encoding="UTF-8"?>
<monster name="Rocket Typhlosion" nameDescription="a vulcan typhlosion" race="fire" experience="1100" speed="247" manacost="0">
    <health now="170" max="170"/>
  <look type="3743" head="80" body="90" legs="95" feet="113" corpse="22084"/>
	<targetchange interval="2000" chance="0"/>
<strategy attack="100" defense="0"/>
  <flags>
    <flag summonable="1"/>
    <flag attackable="1"/>
    <flag hostile="1"/>
    <flag illusionable="1"/>
    <flag convinceable="1"/>
    <flag pushable="1"/>
    <flag canpushitems="0"/>
    <flag canpushcreatures="0"/>
    <flag targetdistance="1"/>
    <flag staticattack="90"/>
    <flag runonhealth="0"/>
   
</flags>
  <attacks>
        <attack name="melee" interval="2000" chance="100" range="1" min="-50" max="-100"/>
        <attack name="Tackle" interval="1970" chance="31" range="2"/>
	    <attack name="SmokeScreen" interval="5446" chance="15" range="6"/>        
		<attack name="Quick Attack" interval="1864" chance="31" range="2"/>
        <attack name="Flame Wheel" interval="3000" chance="25" range="6"/>
	    <attack name="Flamethrower" interval="2040" chance="30" range="4"/>
        <attack name="Lava Plume" interval="1940" chance="26" range="3"/>
        <attack name="Inferno" interval="3046" chance="25" range="6"/>
        <attack name="Blast Burn" interval="4046" chance="20" range="3"/>
        <attack name="Flare Blitz" interval="4146" chance="28" range="4"/>
    </attacks>
    <defenses armor="0" defense="0"/>
  <voices interval="5000" chance="10">
	<voice sentence="TY!"/>
<voice sentence="TYPHLOSION!"/>
  </voices>
 <loot>
        <item id="11447" chance="1000" countmax="1"/> --fire stone
        <item id="12271" chance="2000" countmax="1"/> --magma box
        <item id="12342" chance="500" countmax="1"/> --pot with fire
        <item id="12152" chance="3000" countmax="8"/> --pot of lava
        <item id="12338" chance="80" count="1"/> --bag box --bag box
        <item id="2151" chance="3000" count="1" countmax="1"/>
        <item id="12162" chance="2000" countmax="400"/> --essence of fire
        <item id="13881" chance="1400" count="1" countmax="1"/> --
    </loot>
    <script>
        <event name="Spawn"/>
    </script>
</monster>
